[2026-03-25T01:41:04.593Z] [debug] [vite] connecting...
[2026-03-25T01:41:04.629Z] [debug] [vite] connected.
[2026-03-25T01:41:04.646Z] [info] %cDownload the React DevTools for a better development experience: https://react.dev/link/react-devtools font-weight:bold
[2026-03-25T01:41:04.711Z] [error] Failed to load resource: the server responded with a status of 404 (Not Found)
[2026-03-25T01:41:04.712Z] [error] 加载项目失败: Error: {"detail":"Not Found"}
    at http://localhost:3000/src/utils/api.ts:27:27
    at async Axios.request (http://localhost:3000/node_modules/.vite/deps/axios.js?v=185ba988:2324:14)
    at async Object.list (http://localhost:3000/src/utils/api.ts:33:20)
    at async loadProjects (http://localhost:3000/src/pages/dashboard.tsx:38:20)
[2026-03-25T01:41:04.717Z] [error] Failed to load resource: the server responded with a status of 404 (Not Found)
[2026-03-25T01:41:04.717Z] [error] 加载项目失败: Error: {"detail":"Not Found"}
    at http://localhost:3000/src/utils/api.ts:27:27
    at async Axios.request (http://localhost:3000/node_modules/.vite/deps/axios.js?v=185ba988:2324:14)
    at async Object.list (http://localhost:3000/src/utils/api.ts:33:20)
    at async loadProjects (http://localhost:3000/src/pages/dashboard.tsx:38:20)
[2026-03-25T01:41:37.807Z] [log] [vite] server connection lost. Polling for restart...
[2026-03-25T01:41:37.808Z] [error] WebSocket connection to 'ws://localhost:3000/' failed: Error during WebSocket handshake: net::ERR_CONNECTION_RESET
[2026-03-25T01:41:38.961Z] [error] WebSocket connection to 'ws://localhost:3000/' failed: Error in connection establishment: net::ERR_CONNECTION_REFUSED
[2026-03-25T01:41:40.112Z] [error] WebSocket connection to 'ws://localhost:3000/' failed: Error in connection establishment: net::ERR_CONNECTION_REFUSED
[2026-03-25T01:41:41.249Z] [error] WebSocket connection to 'ws://localhost:3000/' failed: Error in connection establishment: net::ERR_CONNECTION_REFUSED
[2026-03-25T01:41:42.391Z] [error] WebSocket connection to 'ws://localhost:3000/' failed: Error in connection establishment: net::ERR_CONNECTION_REFUSED
[2026-03-25T01:41:43.522Z] [error] WebSocket connection to 'ws://localhost:3000/' failed: Error in connection establishment: net::ERR_CONNECTION_REFUSED
[2026-03-25T01:41:44.682Z] [error] WebSocket connection to 'ws://localhost:3000/' failed: Error in connection establishment: net::ERR_CONNECTION_REFUSED
[2026-03-25T01:41:45.822Z] [error] WebSocket connection to 'ws://localhost:3000/' failed: Error in connection establishment: net::ERR_CONNECTION_REFUSED
[2026-03-25T01:41:46.967Z] [error] WebSocket connection to 'ws://localhost:3000/' failed: Error in connection establishment: net::ERR_CONNECTION_REFUSED
[2026-03-25T01:41:48.132Z] [error] WebSocket connection to 'ws://localhost:3000/' failed: Error in connection establishment: net::ERR_CONNECTION_REFUSED
[2026-03-25T01:41:49.274Z] [error] WebSocket connection to 'ws://localhost:3000/' failed: Error in connection establishment: net::ERR_CONNECTION_REFUSED
[2026-03-25T01:41:50.442Z] [error] WebSocket connection to 'ws://localhost:3000/' failed: Error in connection establishment: net::ERR_CONNECTION_REFUSED
[2026-03-25T01:41:51.637Z] [error] WebSocket connection to 'ws://localhost:3000/' failed: Error in connection establishment: net::ERR_CONNECTION_REFUSED
[2026-03-25T01:41:52.755Z] [error] WebSocket connection to 'ws://localhost:3000/' failed: Error in connection establishment: net::ERR_CONNECTION_REFUSED
[2026-03-25T01:41:53.998Z] [error] WebSocket connection to 'ws://localhost:3000/' failed: Error in connection establishment: net::ERR_CONNECTION_REFUSED
[2026-03-25T01:41:55.274Z] [error] WebSocket connection to 'ws://localhost:3000/' failed: Error in connection establishment: net::ERR_CONNECTION_REFUSED
[2026-03-25T01:41:56.750Z] [debug] [vite] connecting...
[2026-03-25T01:41:56.833Z] [debug] [vite] connected.
[2026-03-25T01:41:56.958Z] [info] %cDownload the React DevTools for a better development experience: https://react.dev/link/react-devtools font-weight:bold
[2026-03-25T01:41:56.981Z] [error] Failed to load resource: the server responded with a status of 404 (Not Found)
[2026-03-25T01:41:56.981Z] [error] 加载项目失败: Error: {"detail":"Not Found"}
    at http://localhost:3000/src/utils/api.ts:27:27
    at async Axios.request (http://localhost:3000/node_modules/.vite/deps/axios.js?v=bea51529:2324:14)
    at async Object.list (http://localhost:3000/src/utils/api.ts:33:20)
    at async loadProjects (http://localhost:3000/src/pages/dashboard.tsx:38:20)
[2026-03-25T01:41:56.983Z] [error] Failed to load resource: the server responded with a status of 404 (Not Found)
[2026-03-25T01:41:56.984Z] [error] 加载项目失败: Error: {"detail":"Not Found"}
    at http://localhost:3000/src/utils/api.ts:27:27
    at async Axios.request (http://localhost:3000/node_modules/.vite/deps/axios.js?v=bea51529:2324:14)
    at async Object.list (http://localhost:3000/src/utils/api.ts:33:20)
    at async loadProjects (http://localhost:3000/src/pages/dashboard.tsx:38:20)
[2026-03-25T01:42:04.299Z] [debug] [vite] connecting...
[2026-03-25T01:42:04.321Z] [debug] [vite] connected.
[2026-03-25T01:42:04.321Z] [info] %cDownload the React DevTools for a better development experience: https://react.dev/link/react-devtools font-weight:bold
[2026-03-25T01:42:04.336Z] [error] Failed to load resource: the server responded with a status of 404 (Not Found)
[2026-03-25T01:42:04.336Z] [error] 加载项目失败: Error: {"detail":"Not Found"}
    at http://localhost:3000/src/utils/api.ts:27:27
    at async Axios.request (http://localhost:3000/node_modules/.vite/deps/axios.js?v=bea51529:2324:14)
    at async Object.list (http://localhost:3000/src/utils/api.ts:33:20)
    at async loadProjects (http://localhost:3000/src/pages/dashboard.tsx:38:20)
[2026-03-25T01:42:04.338Z] [error] Failed to load resource: the server responded with a status of 404 (Not Found)
[2026-03-25T01:42:04.338Z] [error] 加载项目失败: Error: {"detail":"Not Found"}
    at http://localhost:3000/src/utils/api.ts:27:27
    at async Axios.request (http://localhost:3000/node_modules/.vite/deps/axios.js?v=bea51529:2324:14)
    at async Object.list (http://localhost:3000/src/utils/api.ts:33:20)
    at async loadProjects (http://localhost:3000/src/pages/dashboard.tsx:38:20)
[2026-03-25T01:43:33.775Z] [debug] [vite] hot updated: /src/pages/dashboard.tsx
[2026-03-25T01:43:33.775Z] [debug] [vite] hot updated: /src/index.css
[2026-03-25T01:43:42.383Z] [debug] [vite] hot updated: /src/pages/projects.tsx
[2026-03-25T01:43:42.383Z] [debug] [vite] hot updated: /src/index.css
[2026-03-25T01:43:50.696Z] [log] [vite] server connection lost. Polling for restart...
[2026-03-25T01:43:50.723Z] [debug] [vite] connecting...
[2026-03-25T01:43:50.810Z] [debug] [vite] connected.
[2026-03-25T01:43:50.842Z] [info] %cDownload the React DevTools for a better development experience: https://react.dev/link/react-devtools font-weight:bold
[2026-03-25T01:43:50.855Z] [error] Failed to load resource: the server responded with a status of 404 (Not Found)
[2026-03-25T01:43:50.856Z] [error] 加载项目失败: Error: {"detail":"Not Found"}
    at http://localhost:3000/src/utils/api.ts:27:27
    at async Axios.request (http://localhost:3000/node_modules/.vite/deps/axios.js?v=bea51529:2324:14)
    at async Object.list (http://localhost:3000/src/utils/api.ts:33:20)
    at async loadProjects (http://localhost:3000/src/pages/dashboard.tsx:38:20)
[2026-03-25T01:43:50.858Z] [error] Failed to load resource: the server responded with a status of 404 (Not Found)
[2026-03-25T01:43:50.858Z] [error] 加载项目失败: Error: {"detail":"Not Found"}
    at http://localhost:3000/src/utils/api.ts:27:27
    at async Axios.request (http://localhost:3000/node_modules/.vite/deps/axios.js?v=bea51529:2324:14)
    at async Object.list (http://localhost:3000/src/utils/api.ts:33:20)
    at async loadProjects (http://localhost:3000/src/pages/dashboard.tsx:38:20)
[2026-03-25T01:43:53.897Z] [debug] [vite] hot updated: /src/index.css
[2026-03-25T01:43:53.898Z] [debug] [vite] hot updated: /src/pages/projects.tsx
[2026-03-25T01:43:53.898Z] [debug] [vite] hot updated: /src/pages/dashboard.tsx
[2026-03-25T01:43:53.898Z] [debug] [vite] hot updated: /src/pages/agents.tsx
[2026-03-25T01:43:53.898Z] [debug] [vite] hot updated: /src/pages/knowledge.tsx
[2026-03-25T01:43:53.898Z] [debug] [vite] hot updated: /src/pages/project-detail.tsx
[2026-03-25T01:45:02.932Z] [debug] [vite] connecting...
[2026-03-25T01:45:02.937Z] [debug] [vite] connected.
[2026-03-25T01:45:02.938Z] [info] %cDownload the React DevTools for a better development experience: https://react.dev/link/react-devtools font-weight:bold
[2026-03-25T01:45:06.795Z] [debug] [vite] connecting...
[2026-03-25T01:45:06.817Z] [debug] [vite] connected.
[2026-03-25T01:45:06.817Z] [info] %cDownload the React DevTools for a better development experience: https://react.dev/link/react-devtools font-weight:bold
[2026-03-25T01:45:42.095Z] [debug] [vite] connecting...
[2026-03-25T01:45:42.101Z] [debug] [vite] connected.
[2026-03-25T01:45:42.101Z] [info] %cDownload the React DevTools for a better development experience: https://react.dev/link/react-devtools font-weight:bold
[2026-03-25T01:45:53.680Z] [debug] [vite] connecting...
[2026-03-25T01:45:53.701Z] [debug] [vite] connected.
[2026-03-25T01:45:53.702Z] [info] %cDownload the React DevTools for a better development experience: https://react.dev/link/react-devtools font-weight:bold
[2026-03-25T01:46:17.342Z] [debug] [vite] connecting...
[2026-03-25T01:46:17.346Z] [debug] [vite] connected.
[2026-03-25T01:46:17.347Z] [info] %cDownload the React DevTools for a better development experience: https://react.dev/link/react-devtools font-weight:bold
[2026-03-25T01:46:17.398Z] [debug] [vite] connecting...
[2026-03-25T01:46:17.419Z] [debug] [vite] connected.
[2026-03-25T01:46:17.419Z] [info] %cDownload the React DevTools for a better development experience: https://react.dev/link/react-devtools font-weight:bold
[2026-03-25T01:46:17.431Z] [error] Failed to load resource: the server responded with a status of 404 (Not Found)
[2026-03-25T01:46:17.431Z] [error] 加载知识库失败: Error: {"detail":"Knowledge item not found"}
    at http://localhost:3000/src/utils/api.ts?t=1774403033863:27:27
    at async Axios.request (http://localhost:3000/node_modules/.vite/deps/axios.js?v=bea51529:2324:14)
    at async Object.search (http://localhost:3000/src/utils/api.ts?t=1774403033863:81:20)
    at async Promise.all (index 0)
    at async loadKnowledge (http://localhost:3000/src/pages/knowledge.tsx?t=1774403033863:49:49)
[2026-03-25T01:46:17.435Z] [error] Failed to load resource: the server responded with a status of 404 (Not Found)
[2026-03-25T01:46:17.435Z] [error] Failed to load resource: the server responded with a status of 404 (Not Found)
[2026-03-25T01:46:17.435Z] [error] Failed to load resource: the server responded with a status of 404 (Not Found)
[2026-03-25T01:46:17.436Z] [error] 加载知识库失败: Error: {"detail":"Knowledge item not found"}
    at http://localhost:3000/src/utils/api.ts?t=1774403033863:27:27
    at async Axios.request (http://localhost:3000/node_modules/.vite/deps/axios.js?v=bea51529:2324:14)
    at async Object.search (http://localhost:3000/src/utils/api.ts?t=1774403033863:81:20)
    at async Promise.all (index 0)
    at async loadKnowledge (http://localhost:3000/src/pages/knowledge.tsx?t=1774403033863:49:49)
[2026-03-25T01:46:17.438Z] [error] Failed to load resource: the server responded with a status of 404 (Not Found)
[2026-03-25T01:46:17.438Z] [error] Failed to load resource: the server responded with a status of 404 (Not Found)
[2026-03-25T01:46:17.473Z] [debug] [vite] connecting...
[2026-03-25T01:46:17.475Z] [debug] [vite] connected.
[2026-03-25T01:46:17.491Z] [info] %cDownload the React DevTools for a better development experience: https://react.dev/link/react-devtools font-weight:bold
